// Jest Snapshot v1, https://goo.gl/fbAQLP

exports[`<SingleItem/> Errors with a not found item 1`] = `
<p
  data-test="graphql-error"
>
  <strong>
    Oh no!
  </strong>
  Items not found
</p>
`;

exports[`<SingleItem/> renders with proper data 1`] = `
<h2>
  dogs are best
</h2>
`;

exports[`<SingleItem/> renders with proper data 2`] = `
<img
  alt="dogs are best"
  src="dog.jpg"
/>
`;

exports[`<SingleItem/> renders with proper data 3`] = `
Array [
  <p>
    dogs
  </p>,
  <p>
    Price: 
    $50
  </p>,
]
`;
